Archive member included because of file (symbol)

c:/program files (x86)/emblocks/2.00/share/em_armgcc/bin/../lib/gcc/arm-none-eabi/4.7.3/../../../../arm-none-eabi/lib/armv7-m\libc.a(lib_a-__atexit.o)
                              c:/program files (x86)/emblocks/2.00/share/em_armgcc/bin/../lib/gcc/arm-none-eabi/4.7.3/../../../../arm-none-eabi/lib/armv7-m/crt0.o (__register_exitproc)
c:/program files (x86)/emblocks/2.00/share/em_armgcc/bin/../lib/gcc/arm-none-eabi/4.7.3/../../../../arm-none-eabi/lib/armv7-m\libc.a(lib_a-exit.o)
                              c:/program files (x86)/emblocks/2.00/share/em_armgcc/bin/../lib/gcc/arm-none-eabi/4.7.3/../../../../arm-none-eabi/lib/armv7-m/crt0.o (exit)
c:/program files (x86)/emblocks/2.00/share/em_armgcc/bin/../lib/gcc/arm-none-eabi/4.7.3/../../../../arm-none-eabi/lib/armv7-m\libc.a(lib_a-fini.o)
                              c:/program files (x86)/emblocks/2.00/share/em_armgcc/bin/../lib/gcc/arm-none-eabi/4.7.3/../../../../arm-none-eabi/lib/armv7-m/crt0.o (__libc_fini_array)
c:/program files (x86)/emblocks/2.00/share/em_armgcc/bin/../lib/gcc/arm-none-eabi/4.7.3/../../../../arm-none-eabi/lib/armv7-m\libc.a(lib_a-impure.o)
                              c:/program files (x86)/emblocks/2.00/share/em_armgcc/bin/../lib/gcc/arm-none-eabi/4.7.3/../../../../arm-none-eabi/lib/armv7-m\libc.a(lib_a-__atexit.o) (_global_impure_ptr)
c:/program files (x86)/emblocks/2.00/share/em_armgcc/bin/../lib/gcc/arm-none-eabi/4.7.3/../../../../arm-none-eabi/lib/armv7-m\libc.a(lib_a-init.o)
                              c:/program files (x86)/emblocks/2.00/share/em_armgcc/bin/../lib/gcc/arm-none-eabi/4.7.3/../../../../arm-none-eabi/lib/armv7-m/crt0.o (__libc_init_array)
c:/program files (x86)/emblocks/2.00/share/em_armgcc/bin/../lib/gcc/arm-none-eabi/4.7.3/../../../../arm-none-eabi/lib/armv7-m\libc.a(lib_a-memcpy-stub.o)
                              obj\debug\lcdtest.o (memcpy)
c:/program files (x86)/emblocks/2.00/share/em_armgcc/bin/../lib/gcc/arm-none-eabi/4.7.3/../../../../arm-none-eabi/lib/armv7-m\libc.a(lib_a-memset.o)
                              c:/program files (x86)/emblocks/2.00/share/em_armgcc/bin/../lib/gcc/arm-none-eabi/4.7.3/../../../../arm-none-eabi/lib/armv7-m/crt0.o (memset)
c:/program files (x86)/emblocks/2.00/share/em_armgcc/bin/../lib/gcc/arm-none-eabi/4.7.3/../../../../arm-none-eabi/lib/armv7-m\libc.a(lib_a-strlen.o)
                              obj\debug\lcdtest.o (strlen)
c:/program files (x86)/emblocks/2.00/share/em_armgcc/bin/../lib/gcc/arm-none-eabi/4.7.3/../../../../arm-none-eabi/lib/armv7-m\libc.a(lib_a-__call_atexit.o)
                              c:/program files (x86)/emblocks/2.00/share/em_armgcc/bin/../lib/gcc/arm-none-eabi/4.7.3/../../../../arm-none-eabi/lib/armv7-m\libc.a(lib_a-exit.o) (__call_exitprocs)
c:/program files (x86)/emblocks/2.00/share/em_armgcc/bin/../lib/gcc/arm-none-eabi/4.7.3/../../../../arm-none-eabi/lib/armv7-m\libc.a(lib_a-atexit.o)
                              c:/program files (x86)/emblocks/2.00/share/em_armgcc/bin/../lib/gcc/arm-none-eabi/4.7.3/../../../../arm-none-eabi/lib/armv7-m\libc.a(lib_a-__call_atexit.o) (atexit)
c:/program files (x86)/emblocks/2.00/share/em_armgcc/bin/../lib/gcc/arm-none-eabi/4.7.3/../../../../arm-none-eabi/lib/armv7-m\libnosys.a(_exit.o)
                              c:/program files (x86)/emblocks/2.00/share/em_armgcc/bin/../lib/gcc/arm-none-eabi/4.7.3/../../../../arm-none-eabi/lib/armv7-m\libc.a(lib_a-exit.o) (_exit)

Allocating common symbols
Common symbol       size              file

SystemCoreClock     0x4               obj\debug\system_efm32g.o

Discarded input sections

 .group         0x00000000        0x8 obj\debug\emlcd.o
 .group         0x00000000        0x8 obj\debug\emlcd.o
 .group         0x00000000        0x8 obj\debug\emlcd.o
 .group         0x00000000        0x8 obj\debug\emlcd.o
 .group         0x00000000        0x8 obj\debug\emlcd.o
 .group         0x00000000        0x8 obj\debug\emlcd.o
 .group         0x00000000        0x8 obj\debug\emlcd.o
 .group         0x00000000        0x8 obj\debug\emlcd.o
 .group         0x00000000        0x8 obj\debug\emlcd.o
 .group         0x00000000        0x8 obj\debug\emlcd.o
 .group         0x00000000        0x8 obj\debug\emlcd.o
 .group         0x00000000        0x8 obj\debug\emlcd.o
 .group         0x00000000        0x8 obj\debug\emlcd.o
 .group         0x00000000        0x8 obj\debug\emlcd.o
 .group         0x00000000        0x8 obj\debug\emlcd.o
 .group         0x00000000        0x8 obj\debug\emlcd.o
 .group         0x00000000        0x8 obj\debug\emlcd.o
 .group         0x00000000        0x8 obj\debug\emlcd.o
 .group         0x00000000        0x8 obj\debug\emlcd.o
 .group         0x00000000        0x8 obj\debug\emlcd.o
 .group         0x00000000        0x8 obj\debug\emlcd.o
 .group         0x00000000        0x8 obj\debug\emlcd.o
 .group         0x00000000        0x8 obj\debug\emlcd.o
 .group         0x00000000        0x8 obj\debug\emlcd.o
[...]
Memory Configuration

Name             Origin             Length             Attributes
FLASH            0x00000000         0x00020000         xr
RAM              0x20000000         0x00004000         xrw
*default*        0x00000000         0xffffffff

Linker script and memory map

LOAD c:/program files (x86)/emblocks/2.00/share/em_armgcc/bin/../lib/gcc/arm-none-eabi/4.7.3/armv7-m/crti.o
LOAD c:/program files (x86)/emblocks/2.00/share/em_armgcc/bin/../lib/gcc/arm-none-eabi/4.7.3/armv7-m/crtbegin.o
LOAD c:/program files (x86)/emblocks/2.00/share/em_armgcc/bin/../lib/gcc/arm-none-eabi/4.7.3/../../../../arm-none-eabi/lib/armv7-m/crt0.o
                0x00000000                __HEAP_SIZE = 0x0
                0x00000100                __STACK_SIZE = 0x100

.text           0x00000000     0x4928
 *(.isr_vector)
 .isr_vector    0x00000000      0x100 obj\debug\startup_efm32g.o
                0x00000000                __isr_vector
 *(.text*)
 .text          0x00000100        0x0 c:/program files (x86)/emblocks/2.00/share/em_armgcc/bin/../lib/gcc/arm-none-eabi/4.7.3/armv7-m/crti.o
 .text          0x00000100       0x54 c:/program files (x86)/emblocks/2.00/share/em_armgcc/bin/../lib/gcc/arm-none-eabi/4.7.3/armv7-m/crtbegin.o
 .text          0x00000154       0x70 c:/program files (x86)/emblocks/2.00/share/em_armgcc/bin/../lib/gcc/arm-none-eabi/4.7.3/../../../../arm-none-eabi/lib/armv7-m/crt0.o
                0x00000154                _start
                0x00000154                start
                0x00000154                _mainCRTStartup
 .text          0x000001c4      0x204 obj\debug\emlcd.o
                0x000003ac                main
 .text          0x000003c8      0x72c obj\debug\lcdtest.o
                0x00000480                GPIO_ODD_IRQHandler
                0x000004d0                GPIO_EVEN_IRQHandler
                0x00000500                GPIO_IRQInit
                0x00000588                RtcTrigger
                0x0000059c                EM1Sleep
                0x000005d0                EM2Sleep
                0x00000604                EM3Sleep
                0x00000630                EM4Sleep
                0x0000063c                ScrollText
                0x000006a8                Test
 .text          0x00000af4       0x84 obj\debug\startup_efm32g.o
                0x00000af4                Reset_Handler
                0x00000b28                Default_Handler
                0x00000b2a                NMI_Handler
                0x00000b2c                HardFault_Handler
                0x00000b2e                MemManage_Handler
                0x00000b30                BusFault_Handler
                0x00000b32                UsageFault_Handler
                0x00000b34                SVC_Handler
                0x00000b36                DebugMon_Handler
                0x00000b38                PendSV_Handler
                0x00000b3a                SysTick_Handler
                0x00000b3c                DMA_IRQHandler
                0x00000b40                TIMER0_IRQHandler
                0x00000b42                USART0_RX_IRQHandler
                0x00000b44                USART0_TX_IRQHandler
                0x00000b46                ACMP0_IRQHandler
                0x00000b48                ADC0_IRQHandler
                0x00000b4a                DAC0_IRQHandler
                0x00000b4c                I2C0_IRQHandler
                0x00000b50                TIMER1_IRQHandler
                0x00000b52                TIMER2_IRQHandler
                0x00000b54                USART1_RX_IRQHandler
                0x00000b56                USART1_TX_IRQHandler
                0x00000b58                USART2_RX_IRQHandler
                0x00000b5a                USART2_TX_IRQHandler
                0x00000b5c                UART0_RX_IRQHandler
                0x00000b5e                UART0_TX_IRQHandler
                0x00000b60                LEUART0_IRQHandler
                0x00000b62                LEUART1_IRQHandler
                0x00000b64                LETIMER0_IRQHandler
                0x00000b66                PCNT0_IRQHandler
                0x00000b68                PCNT1_IRQHandler
                0x00000b6a                PCNT2_IRQHandler
                0x00000b6e                CMU_IRQHandler
                0x00000b70                VCMP_IRQHandler
                0x00000b72                LCD_IRQHandler
                0x00000b74                MSC_IRQHandler
                0x00000b76                AES_IRQHandler
 .text          0x00000b78      0x22c obj\debug\system_efm32g.o
                0x00000b94                SystemCoreClockGet
                0x00000bd0                SystemHFClockGet
                0x00000ce0                SystemHFXOClockGet
                0x00000cf8                SystemHFXOClockSet
                0x00000d2c                SystemInit
                0x00000d38                SystemLFRCOClockGet
                0x00000d48                SystemULFRCOClockGet
                0x00000d58                SystemLFXOClockGet
                0x00000d70                SystemLFXOClockSet
 .text          0x00000da4      0x2c8 obj\debug\rtcdrv.o
                0x00000eac                RTCDRV_Setup
                0x00000f58                RTCDRV_Delay
                0x00000fb0                RTC_IRQHandler
                0x00000fe8                RTCDRV_Trigger
 .text          0x0000106c      0xbc4 obj\debug\segmentlcd.o
                0x00001148                SegmentLCD_AllOff
                0x000011d0                SegmentLCD_AllOn
                0x00001258                SegmentLCD_AlphaNumberOff
                0x000012f0                SegmentLCD_Arrows
                0x00001354                SegmentLCD_Battery
                0x000013e0                SegmentLCD_Disable
                0x00001414                SegmentLCD_Init
                0x000014c8                SegmentLCD_LowerHex
                0x00001570                SegmentLCD_LowerNumber
                0x00001660                SegmentLCD_Number
                0x000017d0                SegmentLCD_NumberOff
                0x00001818                SegmentLCD_Symbol
                0x00001a3c                SegmentLCD_UnsignedHex
                0x00001b2c                SegmentLCD_Write
 .text          0x00001c30        0xc obj\debug\em_assert.o
                0x00001c30                assertEFM
 .text          0x00001c3c     0x136c obj\debug\em_cmu.o
                0x00001f24                CMU_Calibrate
                0x00002018                CMU_ClockDivGet
                0x000021b8                CMU_ClockDivSet
                0x0000247c                CMU_ClockEnable
                0x00002554                CMU_ClockFreqGet
                0x00002750                CMU_ClockSelectGet
                0x00002870                CMU_ClockSelectSet
                0x00002a30                CMU_FreezeEnable
                0x00002a78                CMU_HFRCOBandGet
                0x00002a98                CMU_HFRCOBandSet
                0x00002ba8                CMU_HFRCOStartupDelayGet
                0x00002bc8                CMU_HFRCOStartupDelaySet
                0x00002c18                CMU_LCDClkFDIVGet
                0x00002c34                CMU_LCDClkFDIVSet
                0x00002c94                CMU_OscillatorEnable
                0x00002d84                CMU_OscillatorTuningGet
                0x00002df4                CMU_OscillatorTuningSet
                0x00002ed8                CMU_PCNTClockExternalGet
                0x00002f50                CMU_PCNTClockExternalSet
 .text          0x00002fa8      0x2e8 obj\debug\em_emu.o
                0x000030e4                EMU_EnterEM2
                0x00003148                EMU_EnterEM3
                0x000031dc                EMU_EnterEM4
                0x0000323c                EMU_MemPwrDown
                0x00003270                EMU_UpdateOscConfig
 .text          0x00003290      0x3b8 obj\debug\em_gpio.o
                0x000032c0                GPIO_DbgLocationSet
                0x0000330c                GPIO_DriveModeSet
                0x0000337c                GPIO_IntConfig
                0x00003480                GPIO_PinModeSet
 .text          0x00003648      0x7ac obj\debug\em_lcd.o
                0x0000375c                LCD_Init
                0x000037f0                LCD_VLCDSelect
                0x0000383c                LCD_UpdateCtrl
                0x0000386c                LCD_FrameCountInit
                0x000038ec                LCD_AnimInit
                0x00003980                LCD_SegmentRangeEnable
                0x000039d4                LCD_SegmentSet
                0x00003b44                LCD_SegmentSetLow
                0x00003c68                LCD_SegmentSetHigh
                0x00003d7c                LCD_ContrastSet
                0x00003dc4                LCD_VBoostSet
 .text          0x00003df4      0x284 obj\debug\em_rtc.o
                0x00003e60                RTC_CompareGet
                0x00003ebc                RTC_CompareSet
                0x00003f2c                RTC_Enable
                0x00003f5c                RTC_FreezeEnable
                0x00003fa4                RTC_Init
                0x00004000                RTC_Reset
                0x00004060                RTC_CounterReset
 .text          0x00004078       0xdc obj\debug\em_system.o
                0x00004078                SYSTEM_ChipRevisionGet
                0x000040e8                SYSTEM_GetCalibrationValue
 .text          0x00004154        0x0 c:/program files (x86)/emblocks/2.00/share/em_armgcc/bin/../lib/gcc/arm-none-eabi/4.7.3/../../../../arm-none-eabi/lib/armv7-m\libc.a(lib_a-__atexit.o)
 .text.__register_exitproc
                0x00004154       0xb0 c:/program files (x86)/emblocks/2.00/share/em_armgcc/bin/../lib/gcc/arm-none-eabi/4.7.3/../../../../arm-none-eabi/lib/armv7-m\libc.a(lib_a-__atexit.o)
                0x00004154                __register_exitproc
 .text          0x00004204        0x0 c:/program files (x86)/emblocks/2.00/share/em_armgcc/bin/../lib/gcc/arm-none-eabi/4.7.3/../../../../arm-none-eabi/lib/armv7-m\libc.a(lib_a-exit.o)
 .text.exit     0x00004204       0x20 c:/program files (x86)/emblocks/2.00/share/em_armgcc/bin/../lib/gcc/arm-none-eabi/4.7.3/../../../../arm-none-eabi/lib/armv7-m\libc.a(lib_a-exit.o)
                0x00004204                exit
 .text          0x00004224        0x0 c:/program files (x86)/emblocks/2.00/share/em_armgcc/bin/../lib/gcc/arm-none-eabi/4.7.3/../../../../arm-none-eabi/lib/armv7-m\libc.a(lib_a-fini.o)
 .text.__libc_fini_array
                0x00004224       0x2c c:/program files (x86)/emblocks/2.00/share/em_armgcc/bin/../lib/gcc/arm-none-eabi/4.7.3/../../../../arm-none-eabi/lib/armv7-m\libc.a(lib_a-fini.o)
                0x00004224                __libc_fini_array
 .text          0x00004250        0x0 c:/program files (x86)/emblocks/2.00/share/em_armgcc/bin/../lib/gcc/arm-none-eabi/4.7.3/../../../../arm-none-eabi/lib/armv7-m\libc.a(lib_a-impure.o)
 .text          0x00004250        0x0 c:/program files (x86)/emblocks/2.00/share/em_armgcc/bin/../lib/gcc/arm-none-eabi/4.7.3/../../../../arm-none-eabi/lib/armv7-m\libc.a(lib_a-init.o)
 .text.__libc_init_array
                0x00004250       0x50 c:/program files (x86)/emblocks/2.00/share/em_armgcc/bin/../lib/gcc/arm-none-eabi/4.7.3/../../../../arm-none-eabi/lib/armv7-m\libc.a(lib_a-init.o)
                0x00004250                __libc_init_array
 .text          0x000042a0        0x0 c:/program files (x86)/emblocks/2.00/share/em_armgcc/bin/../lib/gcc/arm-none-eabi/4.7.3/../../../../arm-none-eabi/lib/armv7-m\libc.a(lib_a-memcpy-stub.o)
 .text.memcpy   0x000042a0       0x94 c:/program files (x86)/emblocks/2.00/share/em_armgcc/bin/../lib/gcc/arm-none-eabi/4.7.3/../../../../arm-none-eabi/lib/armv7-m\libc.a(lib_a-memcpy-stub.o)
                0x000042a0                memcpy
 .text          0x00004334        0x0 c:/program files (x86)/emblocks/2.00/share/em_armgcc/bin/../lib/gcc/arm-none-eabi/4.7.3/../../../../arm-none-eabi/lib/armv7-m\libc.a(lib_a-memset.o)
 .text.memset   0x00004334       0x94 c:/program files (x86)/emblocks/2.00/share/em_armgcc/bin/../lib/gcc/arm-none-eabi/4.7.3/../../../../arm-none-eabi/lib/armv7-m\libc.a(lib_a-memset.o)
                0x00004334                memset
 .text          0x000043c8        0x0 c:/program files (x86)/emblocks/2.00/share/em_armgcc/bin/../lib/gcc/arm-none-eabi/4.7.3/../../../../arm-none-eabi/lib/armv7-m\libc.a(lib_a-strlen.o)
 .text.strlen   0x000043c8       0x60 c:/program files (x86)/emblocks/2.00/share/em_armgcc/bin/../lib/gcc/arm-none-eabi/4.7.3/../../../../arm-none-eabi/lib/armv7-m\libc.a(lib_a-strlen.o)
                0x000043c8                strlen
 .text          0x00004428        0x0 c:/program files (x86)/emblocks/2.00/share/em_armgcc/bin/../lib/gcc/arm-none-eabi/4.7.3/../../../../arm-none-eabi/lib/armv7-m\libc.a(lib_a-__call_atexit.o)
 .text.startup.register_fini
                0x00004428       0x14 c:/program files (x86)/emblocks/2.00/share/em_armgcc/bin/../lib/gcc/arm-none-eabi/4.7.3/../../../../arm-none-eabi/lib/armv7-m\libc.a(lib_a-__call_atexit.o)
 .text.__call_exitprocs
                0x0000443c       0xd8 c:/program files (x86)/emblocks/2.00/share/em_armgcc/bin/../lib/gcc/arm-none-eabi/4.7.3/../../../../arm-none-eabi/lib/armv7-m\libc.a(lib_a-__call_atexit.o)
                0x0000443c                __call_exitprocs
 .text          0x00004514        0x0 c:/program files (x86)/emblocks/2.00/share/em_armgcc/bin/../lib/gcc/arm-none-eabi/4.7.3/../../../../arm-none-eabi/lib/armv7-m\libc.a(lib_a-atexit.o)
 .text.atexit   0x00004514        0xc c:/program files (x86)/emblocks/2.00/share/em_armgcc/bin/../lib/gcc/arm-none-eabi/4.7.3/../../../../arm-none-eabi/lib/armv7-m\libc.a(lib_a-atexit.o)
                0x00004514                atexit
 .text          0x00004520        0x0 c:/program files (x86)/emblocks/2.00/share/em_armgcc/bin/../lib/gcc/arm-none-eabi/4.7.3/../../../../arm-none-eabi/lib/armv7-m\libnosys.a(_exit.o)
 .text._exit    0x00004520        0x4 c:/program files (x86)/emblocks/2.00/share/em_armgcc/bin/../lib/gcc/arm-none-eabi/4.7.3/../../../../arm-none-eabi/lib/armv7-m\libnosys.a(_exit.o)
                0x00004520                _exit
 .text          0x00004524        0x0 c:/program files (x86)/emblocks/2.00/share/em_armgcc/bin/../lib/gcc/arm-none-eabi/4.7.3/armv7-m/crtend.o
 .text          0x00004524        0x0 c:/program files (x86)/emblocks/2.00/share/em_armgcc/bin/../lib/gcc/arm-none-eabi/4.7.3/armv7-m/crtn.o
 *(.init)
 .init          0x00004524        0x4 c:/program files (x86)/emblocks/2.00/share/em_armgcc/bin/../lib/gcc/arm-none-eabi/4.7.3/armv7-m/crti.o
                0x00004524                _init
 .init          0x00004528        0x8 c:/program files (x86)/emblocks/2.00/share/em_armgcc/bin/../lib/gcc/arm-none-eabi/4.7.3/armv7-m/crtn.o
 *(.fini)
 .fini          0x00004530        0x4 c:/program files (x86)/emblocks/2.00/share/em_armgcc/bin/../lib/gcc/arm-none-eabi/4.7.3/armv7-m/crti.o
                0x00004530                _fini
 .fini          0x00004534        0x8 c:/program files (x86)/emblocks/2.00/share/em_armgcc/bin/../lib/gcc/arm-none-eabi/4.7.3/armv7-m/crtn.o
 *crtbegin.o(.ctors)
 *crtbegin?.o(.ctors)
 *(EXCLUDE_FILE(*crtend.o *crtend?.o) .ctors)
 *(SORT(.ctors.*))
 *(.ctors)
 *crtbegin.o(.dtors)
 *crtbegin?.o(.dtors)
 *(EXCLUDE_FILE(*crtend.o *crtend?.o) .dtors)
 *(SORT(.dtors.*))
 *(.dtors)
 *(.rodata*)
 .rodata        0x0000453c      0x124 obj\debug\lcdtest.o
 .rodata        0x00004660      0x214 obj\debug\segmentlcd.o
 .rodata        0x00004874       0x1c obj\debug\em_cmu.o
 .rodata        0x00004890       0x1c obj\debug\em_emu.o
 .rodata        0x000048ac       0x1c obj\debug\em_gpio.o
 .rodata        0x000048c8       0x1c obj\debug\em_lcd.o
 .rodata        0x000048e4       0x1c obj\debug\em_rtc.o
 .rodata        0x00004900       0x1c obj\debug\em_system.o
 .rodata.str1.4
                0x0000491c        0x4 c:/program files (x86)/emblocks/2.00/share/em_armgcc/bin/../lib/gcc/arm-none-eabi/4.7.3/../../../../arm-none-eabi/lib/armv7-m\libc.a(lib_a-impure.o)
 .rodata._global_impure_ptr
                0x00004920        0x4 c:/program files (x86)/emblocks/2.00/share/em_armgcc/bin/../lib/gcc/arm-none-eabi/4.7.3/../../../../arm-none-eabi/lib/armv7-m\libc.a(lib_a-impure.o)
                0x00004920                _global_impure_ptr
 *(.eh_frame*)
 .eh_frame      0x00004924        0x0 c:/program files (x86)/emblocks/2.00/share/em_armgcc/bin/../lib/gcc/arm-none-eabi/4.7.3/armv7-m/crtbegin.o
 .eh_frame      0x00004924        0x4 c:/program files (x86)/emblocks/2.00/share/em_armgcc/bin/../lib/gcc/arm-none-eabi/4.7.3/armv7-m/crtend.o

.glue_7         0x00004928        0x0
 .glue_7        0x00000000        0x0 linker stubs

.glue_7t        0x00004928        0x0
 .glue_7t       0x00000000        0x0 linker stubs

.vfp11_veneer   0x00004928        0x0
 .vfp11_veneer  0x00000000        0x0 linker stubs

.v4_bx          0x00004928        0x0
 .v4_bx         0x00000000        0x0 linker stubs

.iplt           0x00004928        0x0
 .iplt          0x00000000        0x0 c:/program files (x86)/emblocks/2.00/share/em_armgcc/bin/../lib/gcc/arm-none-eabi/4.7.3/armv7-m/crtbegin.o

.ARM.extab      0x00004928        0x0
 *(.ARM.extab* .gnu.linkonce.armextab.*)
 .ARM.extab     0x00004928        0x0 c:/program files (x86)/emblocks/2.00/share/em_armgcc/bin/../lib/gcc/arm-none-eabi/4.7.3/../../../../arm-none-eabi/lib/armv7-m/crt0.o
                0x00004928                __exidx_start = .

.ARM.exidx      0x00004928        0x8
 *(.ARM.exidx* .gnu.linkonce.armexidx.*)
 .ARM.exidx     0x00004928        0x8 c:/program files (x86)/emblocks/2.00/share/em_armgcc/bin/../lib/gcc/arm-none-eabi/4.7.3/../../../../arm-none-eabi/lib/armv7-m/crt0.o
                0x00004930                __exidx_end = .
                0x00004930                __etext = .

.rel.dyn        0x00004930        0x0
 .rel.iplt      0x00000000        0x0 c:/program files (x86)/emblocks/2.00/share/em_armgcc/bin/../lib/gcc/arm-none-eabi/4.7.3/armv7-m/crtbegin.o

.data           0x20000000      0x448 load address 0x00004930
                0x20000000                __data_start__ = .
 *(vtable)
 *(.data*)
 .data          0x20000000        0x0 c:/program files (x86)/emblocks/2.00/share/em_armgcc/bin/../lib/gcc/arm-none-eabi/4.7.3/armv7-m/crti.o
 .data          0x20000000        0x4 c:/program files (x86)/emblocks/2.00/share/em_armgcc/bin/../lib/gcc/arm-none-eabi/4.7.3/armv7-m/crtbegin.o
                0x20000000                __dso_handle
 .data          0x20000004        0x0 c:/program files (x86)/emblocks/2.00/share/em_armgcc/bin/../lib/gcc/arm-none-eabi/4.7.3/../../../../arm-none-eabi/lib/armv7-m/crt0.o
 .data          0x20000004        0x0 obj\debug\emlcd.o
 .data          0x20000004        0x4 obj\debug\lcdtest.o
 .data          0x20000008        0x0 obj\debug\startup_efm32g.o
 .data          0x20000008        0x8 obj\debug\system_efm32g.o
 .data          0x20000010        0x0 obj\debug\rtcdrv.o
 .data          0x20000010        0x0 obj\debug\segmentlcd.o
 .data          0x20000010        0x0 obj\debug\em_assert.o
 .data          0x20000010        0x0 obj\debug\em_cmu.o
 .data          0x20000010        0x0 obj\debug\em_emu.o
 .data          0x20000010        0x0 obj\debug\em_gpio.o
 .data          0x20000010        0x0 obj\debug\em_lcd.o
 .data          0x20000010        0x0 obj\debug\em_rtc.o
 .data          0x20000010        0x0 obj\debug\em_system.o
 .data          0x20000010        0x0 c:/program files (x86)/emblocks/2.00/share/em_armgcc/bin/../lib/gcc/arm-none-eabi/4.7.3/../../../../arm-none-eabi/lib/armv7-m\libc.a(lib_a-__atexit.o)
 .data          0x20000010        0x0 c:/program files (x86)/emblocks/2.00/share/em_armgcc/bin/../lib/gcc/arm-none-eabi/4.7.3/../../../../arm-none-eabi/lib/armv7-m\libc.a(lib_a-exit.o)
 .data          0x20000010        0x0 c:/program files (x86)/emblocks/2.00/share/em_armgcc/bin/../lib/gcc/arm-none-eabi/4.7.3/../../../../arm-none-eabi/lib/armv7-m\libc.a(lib_a-fini.o)
 .data          0x20000010        0x0 c:/program files (x86)/emblocks/2.00/share/em_armgcc/bin/../lib/gcc/arm-none-eabi/4.7.3/../../../../arm-none-eabi/lib/armv7-m\libc.a(lib_a-impure.o)
 .data.impure_data
                0x20000010      0x428 c:/program files (x86)/emblocks/2.00/share/em_armgcc/bin/../lib/gcc/arm-none-eabi/4.7.3/../../../../arm-none-eabi/lib/armv7-m\libc.a(lib_a-impure.o)
 .data._impure_ptr
                0x20000438        0x4 c:/program files (x86)/emblocks/2.00/share/em_armgcc/bin/../lib/gcc/arm-none-eabi/4.7.3/../../../../arm-none-eabi/lib/armv7-m\libc.a(lib_a-impure.o)
                0x20000438                _impure_ptr
 .data          0x2000043c        0x0 c:/program files (x86)/emblocks/2.00/share/em_armgcc/bin/../lib/gcc/arm-none-eabi/4.7.3/../../../../arm-none-eabi/lib/armv7-m\libc.a(lib_a-init.o)
 .data          0x2000043c        0x0 c:/program files (x86)/emblocks/2.00/share/em_armgcc/bin/../lib/gcc/arm-none-eabi/4.7.3/../../../../arm-none-eabi/lib/armv7-m\libc.a(lib_a-memcpy-stub.o)
 .data          0x2000043c        0x0 c:/program files (x86)/emblocks/2.00/share/em_armgcc/bin/../lib/gcc/arm-none-eabi/4.7.3/../../../../arm-none-eabi/lib/armv7-m\libc.a(lib_a-memset.o)
 .data          0x2000043c        0x0 c:/program files (x86)/emblocks/2.00/share/em_armgcc/bin/../lib/gcc/arm-none-eabi/4.7.3/../../../../arm-none-eabi/lib/armv7-m\libc.a(lib_a-strlen.o)
 .data          0x2000043c        0x0 c:/program files (x86)/emblocks/2.00/share/em_armgcc/bin/../lib/gcc/arm-none-eabi/4.7.3/../../../../arm-none-eabi/lib/armv7-m\libc.a(lib_a-__call_atexit.o)
 .data          0x2000043c        0x0 c:/program files (x86)/emblocks/2.00/share/em_armgcc/bin/../lib/gcc/arm-none-eabi/4.7.3/../../../../arm-none-eabi/lib/armv7-m\libc.a(lib_a-atexit.o)
 .data          0x2000043c        0x0 c:/program files (x86)/emblocks/2.00/share/em_armgcc/bin/../lib/gcc/arm-none-eabi/4.7.3/../../../../arm-none-eabi/lib/armv7-m\libnosys.a(_exit.o)
 .data          0x2000043c        0x0 c:/program files (x86)/emblocks/2.00/share/em_armgcc/bin/../lib/gcc/arm-none-eabi/4.7.3/armv7-m/crtend.o
 .data          0x2000043c        0x0 c:/program files (x86)/emblocks/2.00/share/em_armgcc/bin/../lib/gcc/arm-none-eabi/4.7.3/armv7-m/crtn.o
                0x2000043c                . = ALIGN (0x4)
 *(.ram)
                0x2000043c                . = ALIGN (0x4)
                0x2000043c                PROVIDE (__preinit_array_start, .)
 *(.preinit_array)
                0x2000043c                PROVIDE (__preinit_array_end, .)
                0x2000043c                . = ALIGN (0x4)
                0x2000043c                PROVIDE (__init_array_start, .)
 *(SORT(.init_array.*))
 .init_array.00000
                0x2000043c        0x4 c:/program files (x86)/emblocks/2.00/share/em_armgcc/bin/../lib/gcc/arm-none-eabi/4.7.3/../../../../arm-none-eabi/lib/armv7-m\libc.a(lib_a-__call_atexit.o)
 *(.init_array)
 .init_array    0x20000440        0x4 c:/program files (x86)/emblocks/2.00/share/em_armgcc/bin/../lib/gcc/arm-none-eabi/4.7.3/armv7-m/crtbegin.o
                0x20000444                PROVIDE (__init_array_end, .)
                0x20000444                . = ALIGN (0x4)
                0x20000444                PROVIDE (__fini_array_start, .)
 *(SORT(.fini_array.*))
 *(.fini_array)
 .fini_array    0x20000444        0x4 c:/program files (x86)/emblocks/2.00/share/em_armgcc/bin/../lib/gcc/arm-none-eabi/4.7.3/armv7-m/crtbegin.o
                0x20000448                PROVIDE (__fini_array_end, .)
                0x20000448                . = ALIGN (0x4)
                0x20000448                __data_end__ = .

.jcr            0x20000448        0x4 load address 0x00004d78
 .jcr           0x20000448        0x0 c:/program files (x86)/emblocks/2.00/share/em_armgcc/bin/../lib/gcc/arm-none-eabi/4.7.3/armv7-m/crtbegin.o
 .jcr           0x20000448        0x4 c:/program files (x86)/emblocks/2.00/share/em_armgcc/bin/../lib/gcc/arm-none-eabi/4.7.3/armv7-m/crtend.o

.igot.plt       0x2000044c        0x0 load address 0x00004d7c
 .igot.plt      0x00000000        0x0 c:/program files (x86)/emblocks/2.00/share/em_armgcc/bin/../lib/gcc/arm-none-eabi/4.7.3/armv7-m/crtbegin.o

.bss            0x2000044c       0x34 load address 0x00004d7c
                0x2000044c                __bss_start__ = .
 *(.bss*)
 .bss           0x2000044c        0x0 c:/program files (x86)/emblocks/2.00/share/em_armgcc/bin/../lib/gcc/arm-none-eabi/4.7.3/armv7-m/crti.o
 .bss           0x2000044c       0x1c c:/program files (x86)/emblocks/2.00/share/em_armgcc/bin/../lib/gcc/arm-none-eabi/4.7.3/armv7-m/crtbegin.o
 .bss           0x20000468        0x0 c:/program files (x86)/emblocks/2.00/share/em_armgcc/bin/../lib/gcc/arm-none-eabi/4.7.3/../../../../arm-none-eabi/lib/armv7-m/crt0.o
 .bss           0x20000468        0x0 obj\debug\emlcd.o
 .bss           0x20000468        0x4 obj\debug\lcdtest.o
 .bss           0x2000046c        0x0 obj\debug\startup_efm32g.o
 .bss           0x2000046c        0x0 obj\debug\system_efm32g.o
 .bss           0x2000046c        0xc obj\debug\rtcdrv.o
 .bss           0x20000478        0x0 obj\debug\segmentlcd.o
 .bss           0x20000478        0x0 obj\debug\em_assert.o
 .bss           0x20000478        0x0 obj\debug\em_cmu.o
 .bss           0x20000478        0x2 obj\debug\em_emu.o
 .bss           0x2000047a        0x0 obj\debug\em_gpio.o
 .bss           0x2000047a        0x0 obj\debug\em_lcd.o
 .bss           0x2000047a        0x0 obj\debug\em_rtc.o
 .bss           0x2000047a        0x0 obj\debug\em_system.o
 .bss           0x2000047a        0x0 c:/program files (x86)/emblocks/2.00/share/em_armgcc/bin/../lib/gcc/arm-none-eabi/4.7.3/../../../../arm-none-eabi/lib/armv7-m\libc.a(lib_a-__atexit.o)
 .bss           0x2000047a        0x0 c:/program files (x86)/emblocks/2.00/share/em_armgcc/bin/../lib/gcc/arm-none-eabi/4.7.3/../../../../arm-none-eabi/lib/armv7-m\libc.a(lib_a-exit.o)
 .bss           0x2000047a        0x0 c:/program files (x86)/emblocks/2.00/share/em_armgcc/bin/../lib/gcc/arm-none-eabi/4.7.3/../../../../arm-none-eabi/lib/armv7-m\libc.a(lib_a-fini.o)
 .bss           0x2000047a        0x0 c:/program files (x86)/emblocks/2.00/share/em_armgcc/bin/../lib/gcc/arm-none-eabi/4.7.3/../../../../arm-none-eabi/lib/armv7-m\libc.a(lib_a-impure.o)
 .bss           0x2000047a        0x0 c:/program files (x86)/emblocks/2.00/share/em_armgcc/bin/../lib/gcc/arm-none-eabi/4.7.3/../../../../arm-none-eabi/lib/armv7-m\libc.a(lib_a-init.o)
 .bss           0x2000047a        0x0 c:/program files (x86)/emblocks/2.00/share/em_armgcc/bin/../lib/gcc/arm-none-eabi/4.7.3/../../../../arm-none-eabi/lib/armv7-m\libc.a(lib_a-memcpy-stub.o)
 .bss           0x2000047a        0x0 c:/program files (x86)/emblocks/2.00/share/em_armgcc/bin/../lib/gcc/arm-none-eabi/4.7.3/../../../../arm-none-eabi/lib/armv7-m\libc.a(lib_a-memset.o)
 .bss           0x2000047a        0x0 c:/program files (x86)/emblocks/2.00/share/em_armgcc/bin/../lib/gcc/arm-none-eabi/4.7.3/../../../../arm-none-eabi/lib/armv7-m\libc.a(lib_a-strlen.o)
 .bss           0x2000047a        0x0 c:/program files (x86)/emblocks/2.00/share/em_armgcc/bin/../lib/gcc/arm-none-eabi/4.7.3/../../../../arm-none-eabi/lib/armv7-m\libc.a(lib_a-__call_atexit.o)
 .bss           0x2000047a        0x0 c:/program files (x86)/emblocks/2.00/share/em_armgcc/bin/../lib/gcc/arm-none-eabi/4.7.3/../../../../arm-none-eabi/lib/armv7-m\libc.a(lib_a-atexit.o)
 .bss           0x2000047a        0x0 c:/program files (x86)/emblocks/2.00/share/em_armgcc/bin/../lib/gcc/arm-none-eabi/4.7.3/../../../../arm-none-eabi/lib/armv7-m\libnosys.a(_exit.o)
 .bss           0x2000047a        0x0 c:/program files (x86)/emblocks/2.00/share/em_armgcc/bin/../lib/gcc/arm-none-eabi/4.7.3/armv7-m/crtend.o
 .bss           0x2000047a        0x0 c:/program files (x86)/emblocks/2.00/share/em_armgcc/bin/../lib/gcc/arm-none-eabi/4.7.3/armv7-m/crtn.o
 *(COMMON)
 *fill*         0x2000047a        0x2 
 COMMON         0x2000047c        0x4 obj\debug\system_efm32g.o
                0x2000047c                SystemCoreClock
                0x20000480                __bss_end__ = .

.heap           0x20000480        0x0
                0x20000480                __end__ = .
                0x20000480                end = __end__
                0x20000480                _end = __end__
 *(.heap*)
 .heap          0x20000480        0x0 obj\debug\startup_efm32g.o
                0x20000480                __HeapLimit = .

.stack_dummy    0x20000480      0x100
 *(.stack)
 .stack         0x20000480      0x100 obj\debug\startup_efm32g.o
                0x20004000                __StackTop = (ORIGIN (RAM) + 0x4000)
                0x20003f00                __StackLimit = (__StackTop - SIZEOF (.stack_dummy))
                0x20004000                PROVIDE (__stack, __StackTop)
                0x00000001                ASSERT ((__StackLimit >= __HeapLimit), region RAM overflowed with stack)
LOAD obj\debug\emlcd.o
LOAD obj\debug\lcdtest.o
LOAD obj\debug\startup_efm32g.o
LOAD obj\debug\system_efm32g.o
LOAD obj\debug\rtcdrv.o
LOAD obj\debug\segmentlcd.o
LOAD obj\debug\em_assert.o
LOAD obj\debug\em_cmu.o
LOAD obj\debug\em_emu.o
LOAD obj\debug\em_gpio.o
LOAD obj\debug\em_lcd.o
LOAD obj\debug\em_rtc.o
LOAD obj\debug\em_system.o
START GROUP
LOAD c:/program files (x86)/emblocks/2.00/share/em_armgcc/bin/../lib/gcc/arm-none-eabi/4.7.3/armv7-m\libgcc.a
LOAD c:/program files (x86)/emblocks/2.00/share/em_armgcc/bin/../lib/gcc/arm-none-eabi/4.7.3/../../../../arm-none-eabi/lib/armv7-m\libc.a
LOAD c:/program files (x86)/emblocks/2.00/share/em_armgcc/bin/../lib/gcc/arm-none-eabi/4.7.3/../../../../arm-none-eabi/lib/armv7-m\libg.a
LOAD c:/program files (x86)/emblocks/2.00/share/em_armgcc/bin/../lib/gcc/arm-none-eabi/4.7.3/../../../../arm-none-eabi/lib/armv7-m\libm.a
LOAD c:/program files (x86)/emblocks/2.00/share/em_armgcc/bin/../lib/gcc/arm-none-eabi/4.7.3/../../../../arm-none-eabi/lib/armv7-m\libnosys.a
END GROUP
LOAD c:/program files (x86)/emblocks/2.00/share/em_armgcc/bin/../lib/gcc/arm-none-eabi/4.7.3/armv7-m/crtend.o
LOAD c:/program files (x86)/emblocks/2.00/share/em_armgcc/bin/../lib/gcc/arm-none-eabi/4.7.3/armv7-m/crtn.o
OUTPUT(bin\Debug\Basic_Example_EFM32G880F128-STK_EmBlocks.elf elf32-littlearm)

.ARM.attributes
                0x00000000       0x29
 .ARM.attributes
                0x00000000       0x1d c:/program files (x86)/emblocks/2.00/share/em_armgcc/bin/../lib/gcc/arm-none-eabi/4.7.3/armv7-m/crti.o
 .ARM.attributes
                0x0000001d       0x2d c:/program files (x86)/emblocks/2.00/share/em_armgcc/bin/../lib/gcc/arm-none-eabi/4.7.3/armv7-m/crtbegin.o
 .ARM.attributes
                0x0000004a       0x1b c:/program files (x86)/emblocks/2.00/share/em_armgcc/bin/../lib/gcc/arm-none-eabi/4.7.3/../../../../arm-none-eabi/lib/armv7-m/crt0.o
 .ARM.attributes
                0x00000065       0x33 obj\debug\emlcd.o
 .ARM.attributes
                0x00000098       0x33 obj\debug\lcdtest.o
 .ARM.attributes
                0x000000cb       0x1b obj\debug\startup_efm32g.o
 .ARM.attributes
                0x000000e6       0x33 obj\debug\system_efm32g.o
 .ARM.attributes
                0x00000119       0x33 obj\debug\rtcdrv.o
 .ARM.attributes
                0x0000014c       0x33 obj\debug\segmentlcd.o
 .ARM.attributes
                0x0000017f       0x33 obj\debug\em_assert.o
 .ARM.attributes
                0x000001b2       0x33 obj\debug\em_cmu.o
 .ARM.attributes
                0x000001e5       0x33 obj\debug\em_emu.o
 .ARM.attributes
                0x00000218       0x33 obj\debug\em_gpio.o
 .ARM.attributes
                0x0000024b       0x33 obj\debug\em_lcd.o
 .ARM.attributes
                0x0000027e       0x33 obj\debug\em_rtc.o
 .ARM.attributes
                0x000002b1       0x33 obj\debug\em_system.o
 .ARM.attributes
                0x000002e4       0x2d c:/program files (x86)/emblocks/2.00/share/em_armgcc/bin/../lib/gcc/arm-none-eabi/4.7.3/../../../../arm-none-eabi/lib/armv7-m\libc.a(lib_a-__atexit.o)
 .ARM.attributes
                0x00000311       0x2d c:/program files (x86)/emblocks/2.00/share/em_armgcc/bin/../lib/gcc/arm-none-eabi/4.7.3/../../../../arm-none-eabi/lib/armv7-m\libc.a(lib_a-exit.o)
 .ARM.attributes
                0x0000033e       0x2d c:/program files (x86)/emblocks/2.00/share/em_armgcc/bin/../lib/gcc/arm-none-eabi/4.7.3/../../../../arm-none-eabi/lib/armv7-m\libc.a(lib_a-fini.o)
 .ARM.attributes
                0x0000036b       0x2d c:/program files (x86)/emblocks/2.00/share/em_armgcc/bin/../lib/gcc/arm-none-eabi/4.7.3/../../../../arm-none-eabi/lib/armv7-m\libc.a(lib_a-impure.o)
 .ARM.attributes
                0x00000398       0x2d c:/program files (x86)/emblocks/2.00/share/em_armgcc/bin/../lib/gcc/arm-none-eabi/4.7.3/../../../../arm-none-eabi/lib/armv7-m\libc.a(lib_a-init.o)
 .ARM.attributes
                0x000003c5       0x2d c:/program files (x86)/emblocks/2.00/share/em_armgcc/bin/../lib/gcc/arm-none-eabi/4.7.3/../../../../arm-none-eabi/lib/armv7-m\libc.a(lib_a-memcpy-stub.o)
 .ARM.attributes
                0x000003f2       0x2d c:/program files (x86)/emblocks/2.00/share/em_armgcc/bin/../lib/gcc/arm-none-eabi/4.7.3/../../../../arm-none-eabi/lib/armv7-m\libc.a(lib_a-memset.o)
 .ARM.attributes
                0x0000041f       0x2d c:/program files (x86)/emblocks/2.00/share/em_armgcc/bin/../lib/gcc/arm-none-eabi/4.7.3/../../../../arm-none-eabi/lib/armv7-m\libc.a(lib_a-strlen.o)
 .ARM.attributes
                0x0000044c       0x2d c:/program files (x86)/emblocks/2.00/share/em_armgcc/bin/../lib/gcc/arm-none-eabi/4.7.3/../../../../arm-none-eabi/lib/armv7-m\libc.a(lib_a-__call_atexit.o)
 .ARM.attributes
                0x00000479       0x2d c:/program files (x86)/emblocks/2.00/share/em_armgcc/bin/../lib/gcc/arm-none-eabi/4.7.3/../../../../arm-none-eabi/lib/armv7-m\libc.a(lib_a-atexit.o)
 .ARM.attributes
                0x000004a6       0x2d c:/program files (x86)/emblocks/2.00/share/em_armgcc/bin/../lib/gcc/arm-none-eabi/4.7.3/../../../../arm-none-eabi/lib/armv7-m\libnosys.a(_exit.o)
 .ARM.attributes
                0x000004d3       0x2d c:/program files (x86)/emblocks/2.00/share/em_armgcc/bin/../lib/gcc/arm-none-eabi/4.7.3/armv7-m/crtend.o
 .ARM.attributes
                0x00000500       0x1d c:/program files (x86)/emblocks/2.00/share/em_armgcc/bin/../lib/gcc/arm-none-eabi/4.7.3/armv7-m/crtn.o

.comment        0x00000000       0x4e
 .comment       0x00000000       0x4e obj\debug\emlcd.o
                                 0x4f (size before relaxing)
 .comment       0x00000000       0x4f obj\debug\lcdtest.o
 .comment       0x00000000       0x4f obj\debug\system_efm32g.o
 .comment       0x00000000       0x4f obj\debug\rtcdrv.o
 .comment       0x00000000       0x4f obj\debug\segmentlcd.o
 .comment       0x00000000       0x4f obj\debug\em_assert.o
 .comment       0x00000000       0x4f obj\debug\em_cmu.o
 .comment       0x00000000       0x4f obj\debug\em_emu.o
 .comment       0x00000000       0x4f obj\debug\em_gpio.o
 .comment       0x00000000       0x4f obj\debug\em_lcd.o
 .comment       0x00000000       0x4f obj\debug\em_rtc.o
 .comment       0x00000000       0x4f obj\debug\em_system.o

.debug_info     0x00000000     0x5007
 .debug_info    0x00000000      0x163 obj\debug\emlcd.o
 .debug_info    0x00000163      0xb13 obj\debug\lcdtest.o
 .debug_info    0x00000c76       0x9c obj\debug\startup_efm32g.o
 .debug_info    0x00000d12      0x53b obj\debug\system_efm32g.o
 .debug_info    0x0000124d      0x763 obj\debug\rtcdrv.o
 .debug_info    0x000019b0      0xef8 obj\debug\segmentlcd.o
 .debug_info    0x000028a8       0x7a obj\debug\em_assert.o
 .debug_info    0x00002922      0xdd8 obj\debug\em_cmu.o
 .debug_info    0x000036fa      0x64a obj\debug\em_emu.o
 .debug_info    0x00003d44      0x489 obj\debug\em_gpio.o
 .debug_info    0x000041cd      0x8a2 obj\debug\em_lcd.o
 .debug_info    0x00004a6f      0x361 obj\debug\em_rtc.o
 .debug_info    0x00004dd0      0x237 obj\debug\em_system.o

.debug_abbrev   0x00000000     0x1208
 .debug_abbrev  0x00000000       0xd0 obj\debug\emlcd.o
 .debug_abbrev  0x000000d0      0x1db obj\debug\lcdtest.o
 .debug_abbrev  0x000002ab       0x14 obj\debug\startup_efm32g.o
 .debug_abbrev  0x000002bf      0x16e obj\debug\system_efm32g.o
 .debug_abbrev  0x0000042d      0x1cd obj\debug\rtcdrv.o
 .debug_abbrev  0x000005fa      0x180 obj\debug\segmentlcd.o
 .debug_abbrev  0x0000077a       0x66 obj\debug\em_assert.o
 .debug_abbrev  0x000007e0      0x2bc obj\debug\em_cmu.o
 .debug_abbrev  0x00000a9c      0x1f0 obj\debug\em_emu.o
 .debug_abbrev  0x00000c8c      0x121 obj\debug\em_gpio.o
 .debug_abbrev  0x00000dad      0x1d2 obj\debug\em_lcd.o
 .debug_abbrev  0x00000f7f      0x199 obj\debug\em_rtc.o
 .debug_abbrev  0x00001118       0xf0 obj\debug\em_system.o

.debug_loc      0x00000000     0x198c
 .debug_loc     0x00000000       0x64 obj\debug\emlcd.o
 .debug_loc     0x00000064      0x2c8 obj\debug\lcdtest.o
 .debug_loc     0x0000032c      0x1e8 obj\debug\system_efm32g.o
 .debug_loc     0x00000514      0x218 obj\debug\rtcdrv.o
 .debug_loc     0x0000072c      0x3b4 obj\debug\segmentlcd.o
 .debug_loc     0x00000ae0       0x38 obj\debug\em_assert.o
 .debug_loc     0x00000b18      0x5fc obj\debug\em_cmu.o
 .debug_loc     0x00001114      0x1c8 obj\debug\em_emu.o
 .debug_loc     0x000012dc      0x118 obj\debug\em_gpio.o
 .debug_loc     0x000013f4      0x348 obj\debug\em_lcd.o
 .debug_loc     0x0000173c      0x1e0 obj\debug\em_rtc.o
 .debug_loc     0x0000191c       0x70 obj\debug\em_system.o

.debug_aranges  0x00000000      0x1a0
 .debug_aranges
                0x00000000       0x20 obj\debug\emlcd.o
 .debug_aranges
                0x00000020       0x20 obj\debug\lcdtest.o
 .debug_aranges
                0x00000040       0x20 obj\debug\startup_efm32g.o
 .debug_aranges
                0x00000060       0x20 obj\debug\system_efm32g.o
 .debug_aranges
                0x00000080       0x20 obj\debug\rtcdrv.o
 .debug_aranges
                0x000000a0       0x20 obj\debug\segmentlcd.o
 .debug_aranges
                0x000000c0       0x20 obj\debug\em_assert.o
 .debug_aranges
                0x000000e0       0x20 obj\debug\em_cmu.o
 .debug_aranges
                0x00000100       0x20 obj\debug\em_emu.o
 .debug_aranges
                0x00000120       0x20 obj\debug\em_gpio.o
 .debug_aranges
                0x00000140       0x20 obj\debug\em_lcd.o
 .debug_aranges
                0x00000160       0x20 obj\debug\em_rtc.o
 .debug_aranges
                0x00000180       0x20 obj\debug\em_system.o

.debug_macro    0x00000000    0x156b9
 .debug_macro   0x00000000      0x250 obj\debug\emlcd.o
 .debug_macro   0x00000250      0x80e obj\debug\emlcd.o
 .debug_macro   0x00000a5e       0x3a obj\debug\emlcd.o
 .debug_macro   0x00000a98       0x10 obj\debug\emlcd.o
 .debug_macro   0x00000aa8       0x2e obj\debug\emlcd.o
 .debug_macro   0x00000ad6       0xa2 obj\debug\emlcd.o
 .debug_macro   0x00000b78      0x20e obj\debug\emlcd.o
 .debug_macro   0x00000d86       0x22 obj\debug\emlcd.o
 .debug_macro   0x00000da8      0x2ab obj\debug\emlcd.o
 .debug_macro   0x00001053       0x3a obj\debug\emlcd.o
 .debug_macro   0x0000108d       0x2d obj\debug\emlcd.o
 .debug_macro   0x000010ba      0xbb1 obj\debug\emlcd.o
 .debug_macro   0x00001c6b      0x470 obj\debug\emlcd.o
 .debug_macro   0x000020db      0x142 obj\debug\emlcd.o
 .debug_macro   0x0000221d      0x136 obj\debug\emlcd.o
 .debug_macro   0x00002353     0x1871 obj\debug\emlcd.o
 .debug_macro   0x00003bc4      0x378 obj\debug\emlcd.o
 .debug_macro   0x00003f3c      0x43c obj\debug\emlcd.o
 .debug_macro   0x00004378     0x1a98 obj\debug\emlcd.o
 .debug_macro   0x00005e10      0x622 obj\debug\emlcd.o
 .debug_macro   0x00006432     0x1a40 obj\debug\emlcd.o
 .debug_macro   0x00007e72     0x160e obj\debug\emlcd.o
 .debug_macro   0x00009480     0x1882 obj\debug\emlcd.o
 .debug_macro   0x0000ad02      0xed4 obj\debug\emlcd.o
 .debug_macro   0x0000bbd6      0x84e obj\debug\emlcd.o
 .debug_macro   0x0000c424      0x4ff obj\debug\emlcd.o
 .debug_macro   0x0000c923     0x1039 obj\debug\emlcd.o
 .debug_macro   0x0000d95c      0xf0e obj\debug\emlcd.o
 .debug_macro   0x0000e86a      0x7c4 obj\debug\emlcd.o
 .debug_macro   0x0000f02e      0x6c3 obj\debug\emlcd.o
 .debug_macro   0x0000f6f1      0x338 obj\debug\emlcd.o
 .debug_macro   0x0000fa29      0x921 obj\debug\emlcd.o
 .debug_macro   0x0001034a      0x37a obj\debug\emlcd.o
 .debug_macro   0x000106c4      0x1c2 obj\debug\emlcd.o
 .debug_macro   0x00010886      0x1c8 obj\debug\emlcd.o
 .debug_macro   0x00010a4e       0x40 obj\debug\emlcd.o
 .debug_macro   0x00010a8e      0x1e0 obj\debug\emlcd.o
 .debug_macro   0x00010c6e      0x142 obj\debug\emlcd.o
 .debug_macro   0x00010db0       0xfa obj\debug\emlcd.o
 .debug_macro   0x00010eaa      0x24a obj\debug\emlcd.o
 .debug_macro   0x000110f4     0x1864 obj\debug\emlcd.o
 .debug_macro   0x00012958       0x27 obj\debug\emlcd.o
 .debug_macro   0x0001297f      0x1de obj\debug\emlcd.o
 .debug_macro   0x00012b5d      0x1de obj\debug\emlcd.o
 .debug_macro   0x00012d3b       0x11 obj\debug\emlcd.o
 .debug_macro   0x00012d4c      0x18f obj\debug\emlcd.o
 .debug_macro   0x00012edb      0x2fe obj\debug\lcdtest.o
 .debug_macro   0x000131d9       0x3a obj\debug\lcdtest.o
 .debug_macro   0x00013213       0x52 obj\debug\lcdtest.o
 .debug_macro   0x00013265       0x19 obj\debug\lcdtest.o
 .debug_macro   0x0001327e      0x16d obj\debug\lcdtest.o
 .debug_macro   0x000133eb       0xac obj\debug\lcdtest.o
 .debug_macro   0x00013497       0x10 obj\debug\lcdtest.o
 .debug_macro   0x000134a7       0x97 obj\debug\lcdtest.o
 .debug_macro   0x0001353e       0x1f obj\debug\lcdtest.o
 .debug_macro   0x0001355d       0xf5 obj\debug\lcdtest.o
 .debug_macro   0x00013652      0x214 obj\debug\lcdtest.o
 .debug_macro   0x00013866       0x10 obj\debug\lcdtest.o
 .debug_macro   0x00013876       0x12 obj\debug\lcdtest.o
 .debug_macro   0x00013888      0x172 obj\debug\lcdtest.o
 .debug_macro   0x000139fa      0x195 obj\debug\lcdtest.o
 .debug_macro   0x00013b8f      0x21f obj\debug\system_efm32g.o
 .debug_macro   0x00013dae      0x250 obj\debug\rtcdrv.o
 .debug_macro   0x00013ffe      0x16c obj\debug\rtcdrv.o
 .debug_macro   0x0001416a      0x16c obj\debug\rtcdrv.o
 .debug_macro   0x000142d6       0x10 obj\debug\rtcdrv.o
 .debug_macro   0x000142e6      0x35a obj\debug\segmentlcd.o
 .debug_macro   0x00014640       0x16 obj\debug\segmentlcd.o
 .debug_macro   0x00014656       0x10 obj\debug\segmentlcd.o
 .debug_macro   0x00014666       0x10 obj\debug\segmentlcd.o
 .debug_macro   0x00014676       0x22 obj\debug\segmentlcd.o
 .debug_macro   0x00014698       0x97 obj\debug\segmentlcd.o
 .debug_macro   0x0001472f       0x16 obj\debug\segmentlcd.o
 .debug_macro   0x00014745      0x16c obj\debug\segmentlcd.o
 .debug_macro   0x000148b1       0x35 obj\debug\segmentlcd.o
 .debug_macro   0x000148e6       0x16 obj\debug\segmentlcd.o
 .debug_macro   0x000148fc       0x16 obj\debug\segmentlcd.o
 .debug_macro   0x00014912       0x23 obj\debug\segmentlcd.o
 .debug_macro   0x00014935       0x1a obj\debug\em_assert.o
 .debug_macro   0x0001494f      0x25f obj\debug\em_cmu.o
 .debug_macro   0x00014bae      0x237 obj\debug\em_emu.o
 .debug_macro   0x00014de5      0x241 obj\debug\em_gpio.o
 .debug_macro   0x00015026      0x235 obj\debug\em_lcd.o
 .debug_macro   0x0001525b      0x23a obj\debug\em_rtc.o
 .debug_macro   0x00015495      0x224 obj\debug\em_system.o

.debug_line     0x00000000     0x4cde
 .debug_line    0x00000000      0x650 obj\debug\emlcd.o
 .debug_line    0x00000650      0x7cd obj\debug\lcdtest.o
 .debug_line    0x00000e1d       0x99 obj\debug\startup_efm32g.o
 .debug_line    0x00000eb6      0x5f1 obj\debug\system_efm32g.o
 .debug_line    0x000014a7      0x64b obj\debug\rtcdrv.o
 .debug_line    0x00001af2      0x887 obj\debug\segmentlcd.o
 .debug_line    0x00002379       0x6f obj\debug\em_assert.o
 .debug_line    0x000023e8      0x8ff obj\debug\em_cmu.o
 .debug_line    0x00002ce7      0x67c obj\debug\em_emu.o
 .debug_line    0x00003363      0x648 obj\debug\em_gpio.o
 .debug_line    0x000039ab      0x6f4 obj\debug\em_lcd.o
 .debug_line    0x0000409f      0x64d obj\debug\em_rtc.o
 .debug_line    0x000046ec      0x5f2 obj\debug\em_system.o

.debug_str      0x00000000    0x779e8
 .debug_str     0x00000000    0x72e75 obj\debug\emlcd.o
                              0x732e8 (size before relaxing)
 .debug_str     0x00072e75     0x2afc obj\debug\lcdtest.o
                              0x75e08 (size before relaxing)
 .debug_str     0x00075971      0x2c3 obj\debug\system_efm32g.o
                              0x71980 (size before relaxing)
 .debug_str     0x00075c34      0x21c obj\debug\rtcdrv.o
                              0x7253c (size before relaxing)
 .debug_str     0x00075e50     0x10b7 obj\debug\segmentlcd.o
                              0x76a58 (size before relaxing)
 .debug_str     0x00076f07       0x2b obj\debug\em_assert.o
                               0x22d7 (size before relaxing)
 .debug_str     0x00076f32      0x43c obj\debug\em_cmu.o
                              0x72472 (size before relaxing)
 .debug_str     0x0007736e       0xd8 obj\debug\em_emu.o
                              0x71e2c (size before relaxing)
 .debug_str     0x00077446      0x13a obj\debug\em_gpio.o
                              0x71b0d (size before relaxing)
 .debug_str     0x00077580      0x2eb obj\debug\em_lcd.o
                              0x71dc3 (size before relaxing)
 .debug_str     0x0007786b       0xbd obj\debug\em_rtc.o
                              0x71893 (size before relaxing)
 .debug_str     0x00077928       0xc0 obj\debug\em_system.o
                              0x7180d (size before relaxing)

.debug_frame    0x00000000     0x10a0
 .debug_frame   0x00000000       0x4c obj\debug\emlcd.o
 .debug_frame   0x0000004c      0x1a8 obj\debug\lcdtest.o
 .debug_frame   0x000001f4      0x120 obj\debug\system_efm32g.o
 .debug_frame   0x00000314      0x130 obj\debug\rtcdrv.o
 .debug_frame   0x00000444      0x22c obj\debug\segmentlcd.o
 .debug_frame   0x00000670       0x2c obj\debug\em_assert.o
 .debug_frame   0x0000069c      0x35c obj\debug\em_cmu.o
 .debug_frame   0x000009f8      0x110 obj\debug\em_emu.o
 .debug_frame   0x00000b08       0xac obj\debug\em_gpio.o
 .debug_frame   0x00000bb4      0x1d0 obj\debug\em_lcd.o
 .debug_frame   0x00000d84      0x118 obj\debug\em_rtc.o
 .debug_frame   0x00000e9c       0x50 obj\debug\em_system.o
 .debug_frame   0x00000eec       0x34 c:/program files (x86)/emblocks/2.00/share/em_armgcc/bin/../lib/gcc/arm-none-eabi/4.7.3/../../../../arm-none-eabi/lib/armv7-m\libc.a(lib_a-__atexit.o)
 .debug_frame   0x00000f20       0x28 c:/program files (x86)/emblocks/2.00/share/em_armgcc/bin/../lib/gcc/arm-none-eabi/4.7.3/../../../../arm-none-eabi/lib/armv7-m\libc.a(lib_a-exit.o)
 .debug_frame   0x00000f48       0x2c c:/program files (x86)/emblocks/2.00/share/em_armgcc/bin/../lib/gcc/arm-none-eabi/4.7.3/../../../../arm-none-eabi/lib/armv7-m\libc.a(lib_a-fini.o)
 .debug_frame   0x00000f74       0x2c c:/program files (x86)/emblocks/2.00/share/em_armgcc/bin/../lib/gcc/arm-none-eabi/4.7.3/../../../../arm-none-eabi/lib/armv7-m\libc.a(lib_a-init.o)
 .debug_frame   0x00000fa0       0x2c c:/program files (x86)/emblocks/2.00/share/em_armgcc/bin/../lib/gcc/arm-none-eabi/4.7.3/../../../../arm-none-eabi/lib/armv7-m\libc.a(lib_a-memcpy-stub.o)
 .debug_frame   0x00000fcc       0x2c c:/program files (x86)/emblocks/2.00/share/em_armgcc/bin/../lib/gcc/arm-none-eabi/4.7.3/../../../../arm-none-eabi/lib/armv7-m\libc.a(lib_a-memset.o)
 .debug_frame   0x00000ff8       0x20 c:/program files (x86)/emblocks/2.00/share/em_armgcc/bin/../lib/gcc/arm-none-eabi/4.7.3/../../../../arm-none-eabi/lib/armv7-m\libc.a(lib_a-strlen.o)
 .debug_frame   0x00001018       0x48 c:/program files (x86)/emblocks/2.00/share/em_armgcc/bin/../lib/gcc/arm-none-eabi/4.7.3/../../../../arm-none-eabi/lib/armv7-m\libc.a(lib_a-__call_atexit.o)
 .debug_frame   0x00001060       0x20 c:/program files (x86)/emblocks/2.00/share/em_armgcc/bin/../lib/gcc/arm-none-eabi/4.7.3/../../../../arm-none-eabi/lib/armv7-m\libc.a(lib_a-atexit.o)
 .debug_frame   0x00001080       0x20 c:/program files (x86)/emblocks/2.00/share/em_armgcc/bin/../lib/gcc/arm-none-eabi/4.7.3/../../../../arm-none-eabi/lib/armv7-m\libnosys.a(_exit.o)
